// Jest Snapshot v1, https://goo.gl/fbAQLP

exports[`themer "triangles" wallpaper should list output files 1`] = `
"
Files generated:

* \`themer-wallpaper-triangles-dark-1000x1000.png\`
* \`themer-wallpaper-triangles-light-1000x1000.png\`
"
`;
